digraph {
"0 Xena" ->"1 Eliane" 
}

digraph {
"0 Xena" ->"1 Eliane" 
}

digraph {
"0 Xena" ->"1 Eliane" 
}

