digraph {
"0 Lea" ->"1 Guta" 
"0 Lea" ->"2 Ze" 
}

digraph {
"0 Lea" ->"1 Guta" 
"0 Lea" ->"2 Ze" 
}

digraph {
"0 Lea" ->"1 Guta" 
"0 Lea" ->"2 Ze" 
}

