digraph {
"0 Yara" ->"1 Xena" 
"0 Yara" ->"2 Ze" 
"1 Xena" ->"3 Carlos" 
"3 Carlos" ->"8 Nadia" 
}

digraph {
"0 Xena" ->"1 Carlos" 
"0 Xena" ->"2 Yara" 
"1 Carlos" ->"4 Nadia" 
"2 Yara" ->"6 Ze" 
}

digraph {
"0 Yara" ->"1 Nadia" 
"0 Yara" ->"2 Ze" 
"1 Nadia" ->"3 Carlos" 
"1 Nadia" ->"4 Xena" 
}

