digraph {
"0 Yara" ->"1 Eliane" 
"0 Yara" ->"2 Ze" 
"1 Eliane" ->"4 Nadia" 
"4 Nadia" ->"10 Renata" 
"10 Renata" ->"21 Queila" 
}

digraph {
"0 Queila" ->"1 Eliane" 
"0 Queila" ->"2 Yara" 
"1 Eliane" ->"4 Nadia" 
"2 Yara" ->"5 Renata" 
"2 Yara" ->"6 Ze" 
}

digraph {
"0 Renata" ->"1 Nadia" 
"0 Renata" ->"2 Yara" 
"1 Nadia" ->"3 Eliane" 
"1 Nadia" ->"4 Queila" 
"2 Yara" ->"6 Ze" 
}

